// Jest Snapshot v1, https://goo.gl/fbAQLP

exports[`ControlComponent Rendering should match snapshot 1`] = `
<div>
  <div
    class="glass-card glass-card-default"
    style="background: rgba(255, 255, 255, 0.02); border: 1px solid rgba(255, 255, 255, 0.05); border-radius: 1rem; padding: 1.5rem; box-shadow: 0 4px 16px rgba(0, 0, 0, 0.15);"
  >
    <div
      class="flex items-center justify-between mb-4"
    >
      <div
        class="flex items-center gap-3"
      >
        <svg
          class="lucide lucide-power w-5 h-5 text-text-secondary"
          fill="none"
          height="24"
          stroke="currentColor"
          stroke-linecap="round"
          stroke-linejoin="round"
          stroke-width="2"
          viewBox="0 0 24 24"
          width="24"
          xmlns="http://www.w3.org/2000/svg"
        >
          <path
            d="M12 2v10"
          />
          <path
            d="M18.4 6.6a9 9 0 1 1-12.77.04"
          />
        </svg>
        <h3
          class="text-lg font-medium text-white"
        >
          Control
        </h3>
      </div>
    </div>
    <button
      class="relative inline-flex h-8 w-14 items-center rounded-full transition-all bg-gray-700"
    >
      <span
        class="inline-block h-6 w-6 transform rounded-full bg-white transition-transform translate-x-1"
      />
    </button>
  </div>
</div>
`;
