// Jest Snapshot v1, https://goo.gl/fbAQLP

exports[`ReportComponent Rendering should match snapshot 1`] = `
<div>
  <div
    class="glass-card glass-card-elevated"
    style="background: rgba(255, 255, 255, 0.02); border: 1px solid rgba(255, 255, 255, 0.05); border-radius: 1rem; box-shadow: 0 8px 32px rgba(0, 0, 0, 0.2), 0 0 32px rgba(139, 92, 246, 0.25);"
  >
    <div
      class="p-6 border-b border-gray-800"
    >
      <div
        class="flex items-center justify-between"
      >
        <div>
          <h3
            class="text-xl font-semibold text-white"
          >
            Report
          </h3>
        </div>
        <button
          class="gradient-button flex items-center gap-2 px-4 py-2 rounded-lg transition-all"
          style="background: linear-gradient(135deg, #8B5CF6 0%, #EC4899 100%); color: white; font-weight: 600;"
        >
          <svg
            class="lucide lucide-download w-4 h-4"
            fill="none"
            height="24"
            stroke="currentColor"
            stroke-linecap="round"
            stroke-linejoin="round"
            stroke-width="2"
            viewBox="0 0 24 24"
            width="24"
            xmlns="http://www.w3.org/2000/svg"
          >
            <path
              d="M21 15v4a2 2 0 0 1-2 2H5a2 2 0 0 1-2-2v-4"
            />
            <polyline
              points="7 10 12 15 17 10"
            />
            <line
              x1="12"
              x2="12"
              y1="15"
              y2="3"
            />
          </svg>
          <span>
            Download PDF
          </span>
        </button>
      </div>
    </div>
    <div
      class="px-6 py-4 bg-surface-light border-t border-surface"
    >
      <p
        class="text-sm text-text-secondary text-center"
      >
        Generated by Blipee OS â€¢ 
        7/9/2025
      </p>
    </div>
  </div>
</div>
`;
