// Jest Snapshot v1, https://goo.gl/fbAQLP

exports[`AuditDashboard Rendering should match snapshot 1`] = `
<div>
  <div
    class="space-y-6"
  >
    <div
      class="glass-card glass-card-default "
      style="border-radius: 1rem; padding: 1.5rem; transition: 300ms cubic-bezier(0.4, 0, 0.2, 1); cursor: default; background: rgba(255, 255, 255, 0.02); border: 1px solid rgba(255, 255, 255, 0.05); box-shadow: 0 4px 16px rgba(0, 0, 0, 0.15);"
    >
      <div
        class="space-y-4"
      >
        <div
          class="flex items-center justify-between"
        >
          <h2
            class="text-xl font-semibold text-gray-900 dark:text-white"
          >
            Audit Logs
          </h2>
          <div
            class="flex items-center gap-2"
          >
            <button
              class="flex items-center gap-2 px-3 py-2 text-sm bg-gray-100 dark:bg-gray-800 rounded-lg hover:bg-gray-200 dark:hover:bg-gray-700 transition-colors"
            >
              <svg
                class="lucide lucide-filter h-4 w-4"
                fill="none"
                height="24"
                stroke="currentColor"
                stroke-linecap="round"
                stroke-linejoin="round"
                stroke-width="2"
                viewBox="0 0 24 24"
                width="24"
                xmlns="http://www.w3.org/2000/svg"
              >
                <polygon
                  points="22 3 2 3 10 12.46 10 19 14 21 14 12.46 22 3"
                />
              </svg>
              Filters
            </button>
            <button
              class="flex items-center gap-2 px-3 py-2 text-sm bg-purple-100 dark:bg-purple-900/20 text-purple-700 dark:text-purple-300 rounded-lg hover:bg-purple-200 dark:hover:bg-purple-900/30 transition-colors"
            >
              <svg
                class="lucide lucide-download h-4 w-4"
                fill="none"
                height="24"
                stroke="currentColor"
                stroke-linecap="round"
                stroke-linejoin="round"
                stroke-width="2"
                viewBox="0 0 24 24"
                width="24"
                xmlns="http://www.w3.org/2000/svg"
              >
                <path
                  d="M21 15v4a2 2 0 0 1-2 2H5a2 2 0 0 1-2-2v-4"
                />
                <polyline
                  points="7 10 12 15 17 10"
                />
                <line
                  x1="12"
                  x2="12"
                  y1="15"
                  y2="3"
                />
              </svg>
              Export CSV
            </button>
            <button
              class="flex items-center gap-2 px-3 py-2 text-sm bg-blue-100 dark:bg-blue-900/20 text-blue-700 dark:text-blue-300 rounded-lg hover:bg-blue-200 dark:hover:bg-blue-900/30 transition-colors"
            >
              <svg
                class="lucide lucide-download h-4 w-4"
                fill="none"
                height="24"
                stroke="currentColor"
                stroke-linecap="round"
                stroke-linejoin="round"
                stroke-width="2"
                viewBox="0 0 24 24"
                width="24"
                xmlns="http://www.w3.org/2000/svg"
              >
                <path
                  d="M21 15v4a2 2 0 0 1-2 2H5a2 2 0 0 1-2-2v-4"
                />
                <polyline
                  points="7 10 12 15 17 10"
                />
                <line
                  x1="12"
                  x2="12"
                  y1="15"
                  y2="3"
                />
              </svg>
              Export JSON
            </button>
          </div>
        </div>
        <div
          class="relative"
        >
          <svg
            class="lucide lucide-search absolute left-3 top-1/2 transform -translate-y-1/2 h-4 w-4 text-gray-400"
            fill="none"
            height="24"
            stroke="currentColor"
            stroke-linecap="round"
            stroke-linejoin="round"
            stroke-width="2"
            viewBox="0 0 24 24"
            width="24"
            xmlns="http://www.w3.org/2000/svg"
          >
            <circle
              cx="11"
              cy="11"
              r="8"
            />
            <path
              d="m21 21-4.3-4.3"
            />
          </svg>
          <input
            class="w-full pl-10 pr-4 py-2 border border-gray-300 dark:border-gray-600 rounded-lg bg-white dark:bg-gray-800 text-gray-900 dark:text-white placeholder-gray-500 focus:ring-2 focus:ring-purple-500 focus:border-transparent"
            placeholder="Search audit logs..."
            type="text"
            value=""
          />
        </div>
      </div>
    </div>
    <div
      class="glass-card glass-card-default "
      style="border-radius: 1rem; padding: 1.5rem; transition: 300ms cubic-bezier(0.4, 0, 0.2, 1); cursor: default; background: rgba(255, 255, 255, 0.02); border: 1px solid rgba(255, 255, 255, 0.05); box-shadow: 0 4px 16px rgba(0, 0, 0, 0.15);"
    >
      <div
        class="space-y-4"
      >
        <div
          class="text-center py-8"
        >
          <div
            class="animate-spin rounded-full h-8 w-8 border-b-2 border-purple-600 mx-auto"
          />
          <p
            class="text-gray-500 dark:text-gray-400 mt-2"
          >
            Loading audit logs...
          </p>
        </div>
      </div>
    </div>
  </div>
</div>
`;
