// Jest Snapshot v1, https://goo.gl/fbAQLP

exports[`SecurityDashboard Rendering should match snapshot 1`] = `
<div>
  <div>
    Loading security dashboard...
  </div>
</div>
`;
