// Jest Snapshot v1, https://goo.gl/fbAQLP

exports[`NavRail Rendering should match snapshot 1`] = `
<div>
  <nav
    aria-label="Main navigation"
    class="nav-rail"
  >
    <div
      class="nav-logo-container"
    >
      <div
        aria-label="blipee OS Home"
        class="nav-logo"
        role="button"
        tabindex="0"
      >
        <svg
          class="lucide lucide-house w-8 h-8 text-white"
          fill="none"
          height="24"
          stroke="currentColor"
          stroke-linecap="round"
          stroke-linejoin="round"
          stroke-width="2"
          viewBox="0 0 24 24"
          width="24"
          xmlns="http://www.w3.org/2000/svg"
        >
          <path
            d="M15 21v-8a1 1 0 0 0-1-1h-4a1 1 0 0 0-1 1v8"
          />
          <path
            d="M3 10a2 2 0 0 1 .709-1.528l7-5.999a2 2 0 0 1 2.582 0l7 5.999A2 2 0 0 1 21 10v9a2 2 0 0 1-2 2H5a2 2 0 0 1-2-2z"
          />
        </svg>
      </div>
    </div>
    <div
      class="flex-1"
    />
    <div
      class="nav-bottom"
    >
      <button
        aria-label="Switch to light mode"
        class="theme-toggle"
      >
        <svg
          class="lucide lucide-sun w-6 h-6"
          fill="none"
          height="24"
          stroke="currentColor"
          stroke-linecap="round"
          stroke-linejoin="round"
          stroke-width="2"
          viewBox="0 0 24 24"
          width="24"
          xmlns="http://www.w3.org/2000/svg"
        >
          <circle
            cx="12"
            cy="12"
            r="4"
          />
          <path
            d="M12 2v2"
          />
          <path
            d="M12 20v2"
          />
          <path
            d="m4.93 4.93 1.41 1.41"
          />
          <path
            d="m17.66 17.66 1.41 1.41"
          />
          <path
            d="M2 12h2"
          />
          <path
            d="M20 12h2"
          />
          <path
            d="m6.34 17.66-1.41 1.41"
          />
          <path
            d="m19.07 4.93-1.41 1.41"
          />
        </svg>
      </button>
    </div>
    <style>
      
        .nav-rail {
          position: fixed;
          left: 0;
          top: 0;
          bottom: 0;
          width: 80px;
          background: linear-gradient(
            180deg,
            rgba(139, 92, 246, 0.1) 0%,
            rgba(14, 165, 233, 0.1) 100%
          );
          backdrop-filter: blur(20px);
          -webkit-backdrop-filter: blur(20px);
          border-right: 1px solid rgba(255, 255, 255, 0.05);
          display: flex;
          flex-direction: column;
          align-items: center;
          padding: 1.5rem 0;
          z-index: 100;
          transition: all 0.3s ease;
        }

        .nav-logo-container {
          margin-bottom: 2rem;
        }

        .nav-logo {
          width: 56px;
          height: 56px;
          background: linear-gradient(135deg, #8b5cf6 0%, #0ea5e9 100%);
          border-radius: 16px;
          display: flex;
          align-items: center;
          justify-content: center;
          cursor: pointer;
          transition: all 0.2s ease;
          box-shadow: 0 4px 12px rgba(139, 92, 246, 0.3);
          position: relative;
          overflow: hidden;
        }

        .nav-logo::before {
          content: "";
          position: absolute;
          top: 0;
          left: 0;
          right: 0;
          bottom: 0;
          background: linear-gradient(
            135deg,
            rgba(255, 255, 255, 0.2) 0%,
            transparent 60%
          );
          opacity: 0;
          transition: opacity 0.3s ease;
        }

        .nav-logo:hover {
          transform: scale(1.05);
          box-shadow: 0 8px 24px rgba(139, 92, 246, 0.4);
        }

        .nav-logo:hover::before {
          opacity: 1;
        }

        .nav-logo:active {
          transform: scale(0.98);
        }

        .nav-bottom {
          display: flex;
          flex-direction: column;
          align-items: center;
          gap: 1rem;
          margin-bottom: 1rem;
        }

        .theme-toggle {
          width: 56px;
          height: 56px;
          background: rgba(255, 255, 255, 0.05);
          backdrop-filter: blur(10px);
          -webkit-backdrop-filter: blur(10px);
          border: 1px solid rgba(255, 255, 255, 0.1);
          border-radius: 50%;
          display: flex;
          align-items: center;
          justify-content: center;
          cursor: pointer;
          transition: all 0.2s ease;
          color: rgba(255, 255, 255, 0.9);
          position: relative;
          overflow: hidden;
        }

        .theme-toggle::before {
          content: "";
          position: absolute;
          top: 50%;
          left: 50%;
          width: 0;
          height: 0;
          background: radial-gradient(
            circle,
            rgba(255, 255, 255, 0.1) 0%,
            transparent 70%
          );
          transform: translate(-50%, -50%);
          transition:
            width 0.3s ease,
            height 0.3s ease;
        }

        .theme-toggle:hover {
          background: rgba(255, 255, 255, 0.08);
          transform: scale(1.05);
          border-color: rgba(255, 255, 255, 0.2);
        }

        .theme-toggle:hover::before {
          width: 100px;
          height: 100px;
        }

        .theme-toggle:active {
          transform: scale(0.95);
        }

        /* Glow effect on dark mode */
        .nav-rail::after {
          content: "";
          position: absolute;
          top: 50%;
          left: 0;
          width: 1px;
          height: 300px;
          background: linear-gradient(
            to bottom,
            transparent,
            rgba(139, 92, 246, 0.5),
            transparent
          );
          transform: translateY(-50%);
          opacity: 0.5;
          animation: railGlow 6s ease-in-out infinite;
        }

        @keyframes railGlow {
          0%,
          100% {
            opacity: 0.3;
          }
          50% {
            opacity: 0.8;
          }
        }

        /* Light mode adjustments */
        :global(.light-mode) .nav-rail {
          background: linear-gradient(
            180deg,
            rgba(139, 92, 246, 0.05) 0%,
            rgba(14, 165, 233, 0.05) 100%
          );
          border-right-color: rgba(0, 0, 0, 0.05);
        }

        :global(.light-mode) .nav-rail::after {
          display: none;
        }

        :global(.light-mode) .theme-toggle {
          background: rgba(0, 0, 0, 0.04);
          border-color: rgba(0, 0, 0, 0.08);
          color: rgba(0, 0, 0, 0.8);
        }

        :global(.light-mode) .theme-toggle:hover {
          background: rgba(0, 0, 0, 0.08);
          border-color: rgba(0, 0, 0, 0.16);
        }
      
    </style>
  </nav>
</div>
`;
