// Jest Snapshot v1, https://goo.gl/fbAQLP

exports[`index Rendering should match snapshot 1`] = `
<div>
  <index />
</div>
`;
